// Jest Snapshot v1, https://goo.gl/fbAQLP

exports[`ComparisonCard should match snapshot 1`] = `
ShallowWrapper {
  "length": 1,
  Symbol(enzyme.__root__): [Circular],
  Symbol(enzyme.__unrendered__): <ComparisonCard
    comparativeAnalysis={
        Object {
            "ACADEMY 20": 0.407,
            "YUMA SCHOOL DISTRICT 1": 0.909,
            "compared": 0.448,
          }
    }
    districts={
        Object {
            "ASPEN": Object {
              "avg": 0.6,
              "data": Object {
                "2004": 0.6,
                "2005": 0.9,
              },
              "location": "ASPEN 20",
            },
            "COLORADO": Object {
              "avg": 0.4,
              "data": Object {
                "2004": 0.4,
                "2005": 0.8,
              },
              "location": "COLORADO",
            },
          }
    }
/>,
  Symbol(enzyme.__renderer__): Object {
    "batchedUpdates": [Function],
    "getNode": [Function],
    "render": [Function],
    "simulateEvent": [Function],
    "unmount": [Function],
  },
  Symbol(enzyme.__node__): Object {
    "instance": null,
    "key": undefined,
    "nodeType": "host",
    "props": Object {
      "children": Array [
        <h3>
          COLORADO
           
          : 0.4
</h3>,
        <h3>
          0.448
</h3>,
        <h3>
          ASPEN
           
          : 0.6
</h3>,
      ],
      "className": "card comparison-card",
    },
    "ref": null,
    "rendered": Array [
      Object {
        "instance": null,
        "key": undefined,
        "nodeType": "host",
        "props": Object {
          "children": Array [
            "COLORADO",
            " ",
            ": 0.4",
          ],
        },
        "ref": null,
        "rendered": Array [
          "COLORADO",
          " ",
          ": 0.4",
        ],
        "type": "h3",
      },
      Object {
        "instance": null,
        "key": undefined,
        "nodeType": "host",
        "props": Object {
          "children": 0.448,
        },
        "ref": null,
        "rendered": 0.448,
        "type": "h3",
      },
      Object {
        "instance": null,
        "key": undefined,
        "nodeType": "host",
        "props": Object {
          "children": Array [
            "ASPEN",
            " ",
            ": 0.6",
          ],
        },
        "ref": null,
        "rendered": Array [
          "ASPEN",
          " ",
          ": 0.6",
        ],
        "type": "h3",
      },
    ],
    "type": "div",
  },
  Symbol(enzyme.__nodes__): Array [
    Object {
      "instance": null,
      "key": undefined,
      "nodeType": "host",
      "props": Object {
        "children": Array [
          <h3>
            COLORADO
             
            : 0.4
</h3>,
          <h3>
            0.448
</h3>,
          <h3>
            ASPEN
             
            : 0.6
</h3>,
        ],
        "className": "card comparison-card",
      },
      "ref": null,
      "rendered": Array [
        Object {
          "instance": null,
          "key": undefined,
          "nodeType": "host",
          "props": Object {
            "children": Array [
              "COLORADO",
              " ",
              ": 0.4",
            ],
          },
          "ref": null,
          "rendered": Array [
            "COLORADO",
            " ",
            ": 0.4",
          ],
          "type": "h3",
        },
        Object {
          "instance": null,
          "key": undefined,
          "nodeType": "host",
          "props": Object {
            "children": 0.448,
          },
          "ref": null,
          "rendered": 0.448,
          "type": "h3",
        },
        Object {
          "instance": null,
          "key": undefined,
          "nodeType": "host",
          "props": Object {
            "children": Array [
              "ASPEN",
              " ",
              ": 0.6",
            ],
          },
          "ref": null,
          "rendered": Array [
            "ASPEN",
            " ",
            ": 0.6",
          ],
          "type": "h3",
        },
      ],
      "type": "div",
    },
  ],
  Symbol(enzyme.__options__): Object {
    "adapter": ReactSixteenAdapter {
      "options": Object {
        "enableComponentDidUpdateOnSetState": true,
      },
    },
  },
}
`;
