// Jest Snapshot v1, https://goo.gl/fbAQLP

exports[`CardContainer should match the snapshot 1`] = `
ShallowWrapper {
  "length": 1,
  Symbol(enzyme.__root__): [Circular],
  Symbol(enzyme.__unrendered__): <CardContainer
    compare={[Function]}
    comparison={
        Object {
            "cow": Object {
              "otherCow": 7,
            },
          }
    }
    districts={
        Array [
            Object {
              "cow": "moo",
              "location": "farm",
              "selected": false,
            },
            Object {
              "location": "mud",
              "pig": "oink",
              "selected": false,
            },
          ]
    }
/>,
  Symbol(enzyme.__renderer__): Object {
    "batchedUpdates": [Function],
    "getNode": [Function],
    "render": [Function],
    "simulateEvent": [Function],
    "unmount": [Function],
  },
  Symbol(enzyme.__node__): Object {
    "instance": null,
    "key": undefined,
    "nodeType": "host",
    "props": Object {
      "children": Array [
        <Card
          compare={[Function]}
          cow="moo"
          location="farm"
          selected={false}
/>,
        <Card
          compare={[Function]}
          location="mud"
          pig="oink"
          selected={false}
/>,
      ],
      "className": "card-container",
    },
    "ref": null,
    "rendered": Array [
      Object {
        "instance": null,
        "key": "farm",
        "nodeType": "function",
        "props": Object {
          "compare": [Function],
          "cow": "moo",
          "location": "farm",
          "selected": false,
        },
        "ref": null,
        "rendered": null,
        "type": [Function],
      },
      Object {
        "instance": null,
        "key": "mud",
        "nodeType": "function",
        "props": Object {
          "compare": [Function],
          "location": "mud",
          "pig": "oink",
          "selected": false,
        },
        "ref": null,
        "rendered": null,
        "type": [Function],
      },
    ],
    "type": "div",
  },
  Symbol(enzyme.__nodes__): Array [
    Object {
      "instance": null,
      "key": undefined,
      "nodeType": "host",
      "props": Object {
        "children": Array [
          <Card
            compare={[Function]}
            cow="moo"
            location="farm"
            selected={false}
/>,
          <Card
            compare={[Function]}
            location="mud"
            pig="oink"
            selected={false}
/>,
        ],
        "className": "card-container",
      },
      "ref": null,
      "rendered": Array [
        Object {
          "instance": null,
          "key": "farm",
          "nodeType": "function",
          "props": Object {
            "compare": [Function],
            "cow": "moo",
            "location": "farm",
            "selected": false,
          },
          "ref": null,
          "rendered": null,
          "type": [Function],
        },
        Object {
          "instance": null,
          "key": "mud",
          "nodeType": "function",
          "props": Object {
            "compare": [Function],
            "location": "mud",
            "pig": "oink",
            "selected": false,
          },
          "ref": null,
          "rendered": null,
          "type": [Function],
        },
      ],
      "type": "div",
    },
  ],
  Symbol(enzyme.__options__): Object {
    "adapter": ReactSixteenAdapter {
      "options": Object {
        "enableComponentDidUpdateOnSetState": true,
      },
    },
  },
}
`;
